#-----------------------------------------------------------
# Vivado v2018.1 (64-bit)
# SW Build 2188600 on Wed Apr  4 18:40:38 MDT 2018
# IP Build 2185939 on Wed Apr  4 20:55:05 MDT 2018
# Start of session at: Thu Oct 24 19:11:02 2024
# Process ID: 18816
# Current directory: D:/RISC-Processor/Non-Pipelined-Processor/non_pipelined_processor_vivado
# Command line: vivado.exe -gui_launcher_event rodinguilauncherevent1604 D:\RISC-Processor\Non-Pipelined-Processor\non_pipelined_processor_vivado\non_pipelined_processor.xpr
# Log file: D:/RISC-Processor/Non-Pipelined-Processor/non_pipelined_processor_vivado/vivado.log
# Journal file: D:/RISC-Processor/Non-Pipelined-Processor/non_pipelined_processor_vivado\vivado.jou
#-----------------------------------------------------------
start_gui
open_project D:/RISC-Processor/Non-Pipelined-Processor/non_pipelined_processor_vivado/non_pipelined_processor.xpr
update_compile_order -fileset sources_1
save_project_as non_pipelined_processor_vivado D:/RISC-Processor/Non-Pipelined-Processor/non_pipelined_processor_vivado/non_pipelined_processor_vivado -force
launch_simulation
source processor_tb.tcl
close_sim
launch_simulation
source processor_tb.tcl
close_sim
launch_simulation
launch_simulation
launch_simulation
launch_simulation
launch_simulation
launch_simulation
source processor_tb.tcl
close_sim
launch_simulation
source processor_tb.tcl
close_sim
launch_simulation
source processor_tb.tcl
close_sim
launch_simulation
launch_simulation
source processor_tb.tcl
close_sim
launch_simulation
source processor_tb.tcl
close_sim
launch_simulation
source processor_tb.tcl
close_sim
launch_simulation
source processor_tb.tcl
close_sim
launch_simulation
source processor_tb.tcl
